// Jest Snapshot v1, https://goo.gl/fbAQLP

exports[`renders correctly 1`] = `
<DocumentFragment>
  <div
    class="App"
  >
    <div
      class="makeStyles-root-1"
    >
      <header
        class="MuiPaper-root MuiAppBar-root MuiAppBar-positionFixed MuiAppBar-colorPrimary makeStyles-appBar-3 mui-fixed MuiPaper-elevation4"
      >
        <div
          class="MuiToolbar-root MuiToolbar-gutters"
        >
          <a
            aria-disabled="false"
            class="MuiButtonBase-root MuiButton-root MuiButton-text makeStyles-pathSelected-4 MuiButton-colorInherit"
            href="/"
            role="button"
            style="padding: 1rem;"
            tabindex="0"
          >
            <span
              class="MuiButton-label"
            >
              Agendamento Vacina COVID-19
            </span>
            <span
              class="MuiTouchRipple-root"
            />
          </a>
          <a
            aria-disabled="false"
            class="MuiButtonBase-root MuiButton-root MuiButton-text MuiButton-colorInherit"
            href="/agendamentos/novo"
            role="button"
            style="padding: 1rem;"
            tabindex="0"
          >
            <span
              class="MuiButton-label"
            >
              Novo Agendamento
            </span>
            <span
              class="MuiTouchRipple-root"
            />
          </a>
          <a
            aria-disabled="false"
            class="MuiButtonBase-root MuiButton-root MuiButton-text MuiButton-colorInherit"
            href="/agendamentos"
            role="button"
            style="padding: 1rem;"
            tabindex="0"
          >
            <span
              class="MuiButton-label"
            >
              Agendamentos
            </span>
            <span
              class="MuiTouchRipple-root"
            />
          </a>
        </div>
      </header>
    </div>
    <div
      class="MuiContainer-root makeStyles-root-8 MuiContainer-maxWidthLg"
    >
      <div
        class="MuiGrid-root makeStyles-grid-5 MuiGrid-container"
      >
        <div
          class="MuiGrid-root makeStyles-gridItem-6 MuiGrid-item MuiGrid-grid-xs-12 MuiGrid-grid-md-6"
        >
          <div
            style="background-color: rgb(255, 255, 255); position: relative;"
          >
            <img
              src="undraw_doctors.svg"
              style="width: 100%; height: 100%; position: absolute; object-fit: contain; top: 0px; left: 0px; opacity: 0; transition: filterBrightness 2250ms cubic-bezier(0.4, 0.0, 0.2, 1),
        filterSaturate 3000ms cubic-bezier(0.4, 0.0, 0.2, 1),
        opacity 1500ms cubic-bezier(0.4, 0.0, 0.2, 1);"
            />
            <div
              style="width: 100%; height: 100%; position: absolute; top: 0px; left: 0px; display: flex; align-items: center; justify-content: center; pointer-events: none;"
            >
              <div
                class="MuiCircularProgress-root MuiCircularProgress-colorPrimary MuiCircularProgress-indeterminate"
                role="progressbar"
                style="width: 48px; height: 48px;"
              >
                <svg
                  class="MuiCircularProgress-svg"
                  viewBox="22 22 44 44"
                >
                  <circle
                    class="MuiCircularProgress-circle MuiCircularProgress-circleIndeterminate"
                    cx="44"
                    cy="44"
                    fill="none"
                    r="20.2"
                    stroke-width="3.6"
                  />
                </svg>
              </div>
            </div>
          </div>
        </div>
        <div
          class="MuiGrid-root makeStyles-gridItem-6 MuiGrid-item MuiGrid-grid-xs-12 MuiGrid-grid-md-5"
        >
          <h6
            class="MuiTypography-root MuiTypography-h6"
          >
            O plano de vacinação contra a Covid-19 está dividido por grupos de prioridade, de acordo com o tempo de exposição e pessoas com maior risco de desenvolver complicações e óbito pela doença.
          </h6>
          <div
            class="MuiGrid-root makeStyles-buttons-7 MuiGrid-item"
          >
            <a
              aria-disabled="false"
              class="MuiButtonBase-root MuiButton-root MuiButton-text makeStyles-root-9"
              href="/agendamentos/novo"
              role="button"
              tabindex="0"
            >
              <span
                class="MuiButton-label"
              >
                <span
                  class="MuiButton-startIcon MuiButton-iconSizeMedium"
                >
                  <svg
                    aria-hidden="true"
                    class="MuiSvgIcon-root"
                    focusable="false"
                    viewBox="0 0 24 24"
                  >
                    <path
                      d="M7.88 3.39L6.6 1.86 2 5.71l1.29 1.53 4.59-3.85zM22 5.72l-4.6-3.86-1.29 1.53 4.6 3.86L22 5.72zM12 4c-4.97 0-9 4.03-9 9s4.02 9 9 9c4.97 0 9-4.03 9-9s-4.03-9-9-9zm0 16c-3.87 0-7-3.13-7-7s3.13-7 7-7 7 3.13 7 7-3.13 7-7 7zm1-11h-2v3H8v2h3v3h2v-3h3v-2h-3V9z"
                    />
                  </svg>
                </span>
                <p
                  class="MuiTypography-root MuiTypography-body1"
                >
                  Novo agendamento
                </p>
              </span>
              <span
                class="MuiTouchRipple-root"
              />
            </a>
            <a
              aria-disabled="false"
              class="MuiButtonBase-root MuiButton-root MuiButton-text makeStyles-root-9"
              href="/agendamentos"
              role="button"
              tabindex="0"
            >
              <span
                class="MuiButton-label"
              >
                <span
                  class="MuiButton-startIcon MuiButton-iconSizeMedium"
                >
                  <svg
                    aria-hidden="true"
                    class="MuiSvgIcon-root"
                    focusable="false"
                    viewBox="0 0 24 24"
                  >
                    <path
                      d="M17 12h-5v5h5v-5zM16 1v2H8V1H6v2H5c-1.11 0-1.99.9-1.99 2L3 19c0 1.1.89 2 2 2h14c1.1 0 2-.9 2-2V5c0-1.1-.9-2-2-2h-1V1h-2zm3 18H5V8h14v11z"
                    />
                  </svg>
                </span>
                <p
                  class="MuiTypography-root MuiTypography-body1"
                >
                  Agendamentos
                </p>
              </span>
              <span
                class="MuiTouchRipple-root"
              />
            </a>
          </div>
        </div>
      </div>
    </div>
  </div>
</DocumentFragment>
`;
